[OPTI] binary p2 inline: inlining binary operator's 2nd param
[OPTI] binary p2 inline: inlining binary operator's 2nd param
[OPTI] binary p2 inline: inlining binary operator's 2nd param
[OPTI] if cond inline: inlining if condition
[OPTI] inline init local const: inlining init local constant
[OPTI] binary p2 inline: inlining binary operator's 2nd param
[OPTI] Iteration: 1 finished. Number of optimizations: 6
[OPTI] Iteration: 2 finished. Number of optimizations: 0
[OPTI] assignment inline: inlining assignment operator's param
[OPTI] assignment inline: inlining assignment operator's param
[OPTI] assignment inline: inlining assignment operator's param
[OPTI] binary inline: inlining binary operator params
[OPTI] binary inline: inlining binary operator params
[OPTI] binary inline: inlining binary operator params
[OPTI] binary inline: inlining binary operator params
[OPTI] binary inline: inlining binary operator params
[OPTI] binary inline: inlining binary operator params
[OPTI] binary inline: inlining binary operator params
[OPTI] binary inline: inlining binary operator params
[OPTI] binary p2 inline: inlining binary operator's 2nd param
[OPTI] unary inline: inlining unary operator's param
[OPTI] unary inline: inlining unary operator's param
[OPTI] if cond inline: inlining if condition
[OPTI] if cond inline: inlining if condition
[OPTI] binary inline: inlining binary operator params
[OPTI] binary inline: inlining binary operator params
[OPTI] dup if inline: inlining dup before if
[OPTI] inline at params: inlining tbl at params
[OPTI] unary inline: inlining unary operator's param
[OPTI] inline at params: inlining tbl at params
[OPTI] inline put params : inlining tbl put params
[OPTI] inline at params: inlining tbl at params
[OPTI] inline at p2: inlining tbl at 2nd param
[OPTI] dup unary inline: inlining dup before unary operator
[OPTI] dup if inline: inlining dup before if
[OPTI] Iteration: 1 finished. Number of optimizations: 27
[OPTI] if cond inline: inlining if condition
[OPTI] if cond inline: inlining if condition
[OPTI] if cond inline: inlining if condition
[OPTI] Iteration: 2 finished. Number of optimizations: 3
[OPTI] Iteration: 3 finished. Number of optimizations: 0
