  File "tests/sout/linenum1.eqx", line 4 
      003.    ( errror comes here)
    =>004.    nil "invalid concat" .. ;
      005.  
  File "tests/sout/linenum1.eqx", line 6 
      005.  
