  File "tests/sout/linenum2.eqx", line 2 
      001.  : my-abort ( -- )
    =>002.    "test" #( error 1 0 ) ;
      003.  
  File "tests/sout/linenum2.eqx", line 6 
      005.  
