function _c1_()
push(depth())
apush(pop())
end
N/A. Alias
N/A. Macro (immediate word)
